build	Build	´╗┐2026-04-29T18:38:09.6961941Z ##[group]Run npm run build
build	Build	2026-04-29T18:38:09.6962308Z [36;1mnpm run build[0m
build	Build	2026-04-29T18:38:09.6985822Z shell: /usr/bin/bash -e {0}
build	Build	2026-04-29T18:38:09.6986082Z ##[endgroup]
build	Build	2026-04-29T18:38:09.8310495Z 
build	Build	2026-04-29T18:38:09.8310864Z > ctflab-docs@1.0.0 build
build	Build	2026-04-29T18:38:09.8311153Z > astro build
build	Build	2026-04-29T18:38:09.8311314Z 
build	Build	2026-04-29T18:38:09.8952378Z Node.js v18.20.8 is not supported by Astro!
build	Build	2026-04-29T18:38:09.8953647Z Please upgrade Node.js to a supported version: ">=22.12.0"
build	Build	2026-04-29T18:38:09.8954505Z 
build	Build	2026-04-29T18:38:09.8980676Z GitHub Actions CI Environment Detected!
build	Build	2026-04-29T18:38:09.8985885Z Additional steps may be needed to set your Node.js version:
build	Build	2026-04-29T18:38:09.8986939Z Documentation: https://docs.astro.build/en/guides/deploy/
build	Build	2026-04-29T18:38:09.8987624Z 
build	Build	2026-04-29T18:38:09.9116474Z ##[error]Process completed with exit code 1.
